// Jest Snapshot v1, https://goo.gl/fbAQLP

exports[`TurntablesListItem DOM Snapshot should match snapshot 1`] = `
<div
  className="col-xs-12 col-md-6"
>
  <div
    className="row turntable-container undefined"
    data-hook="turntable-container"
  >
    <div
      className="col-xs-12 section console"
    >
      <div
        className="row"
      >
        <div
          className="col-xs-3"
        >
          <img
            alt="Track"
            className="turntable-track-image"
            src={undefined}
          />
        </div>
        <div
          className="col-xs-9"
        >
          <div
            className="row"
          >
            <div
              className="col-xs-9 fat-bottom"
            >
              <span />
            </div>
            <div
              className="col-xs-3 fat-bottom text-right"
            >
              <span>
                
              </span>
            </div>
          </div>
          <div
            className="row"
          >
            <div
              className="col-xs-9"
            >
              <span>
                
              </span>
            </div>
            <div
              className="col-xs-3 text-right"
            >
              <span>
                
              </span>
            </div>
          </div>
        </div>
      </div>
      <div
        className="row"
      >
        <div
          className="col-xs-12 text-right"
        >
          <div>
            <small
              data-hook="time-elapsed"
            >
              00 : 00
               
            </small>
            <small>
               | 
            </small>
            <small>
               
              -- : --
            </small>
          </div>
        </div>
      </div>
      <div
        className="row"
      >
        <div
          className="col-xs-12 waveform-container"
          id="waveform-container-for-undefined"
        >
          <div
            className="relative"
          >
            <div
              className="turntable-waveform-progress"
              id="waveform-progress-for-undefined"
            />
            <img
              alt="Track Waveform"
              className="turntable-track-waveform-image clickable"
              onClick={[Function]}
              src={undefined}
            />
          </div>
        </div>
      </div>
      <div
        className="row"
      >
        <div
          className="col-xs-10 controls"
        >
          <span>
            <img
              alt="Play Button"
              className="track-button clickable"
              data-hook="track-button-play"
              onClick={[Function]}
              src={undefined}
            />
            <img
              alt="Pause Button"
              className="track-button clickable"
              data-hook="track-button-pause"
              onClick={[Function]}
              src={undefined}
            />
          </span>
        </div>
        <div
          className="col-xs-2 controls text-center"
        >
          <img
            alt="Loading Indicator"
            className="spinner  "
            src={undefined}
          />
        </div>
      </div>
    </div>
  </div>
</div>
`;
